INFO 2026-01-29 05:07:47,233 autoreload 5562 140347331671872 Watching for file changes with StatReloader
INFO 2026-01-29 06:52:10,498 autoreload 15683 140093096740672 Watching for file changes with StatReloader
INFO 2026-01-29 06:53:16,119 basehttp 15683 140092818523840 "GET / HTTP/1.1" 302 0
INFO 2026-01-29 06:53:16,131 basehttp 15683 140092818523840 "GET /login/?next=/ HTTP/1.1" 200 29209
WARNING 2026-01-29 06:53:17,616 basehttp 15683 140092818523840 "GET /favicon.ico HTTP/1.1" 404 11178
INFO 2026-01-29 06:53:38,902 views 15683 140092818523840 РЈСЃРїРµС€РЅС‹Р№ РІС…РѕРґ: evaevka65@gmail.com
INFO 2026-01-29 06:53:38,906 basehttp 15683 140092818523840 "POST /login/?next=/ HTTP/1.1" 302 0
INFO 2026-01-29 06:53:38,923 basehttp 15683 140092818523840 "GET / HTTP/1.1" 200 86120
INFO 2026-01-29 06:53:41,444 basehttp 15683 140092818523840 "GET /spheres/ HTTP/1.1" 200 44825
INFO 2026-01-29 06:53:44,332 basehttp 15683 140092818523840 "GET /assessments/ HTTP/1.1" 200 40711
INFO 2026-01-29 06:53:56,381 basehttp 15683 140092818523840 "GET /assessments/?page=2 HTTP/1.1" 200 29997
INFO 2026-01-29 10:22:27,440 autoreload 6448 1568 Watching for file changes with StatReloader
INFO 2026-01-29 10:22:28,820 log 6448 10832 "GET / HTTP/1.1" 302 0
INFO 2026-01-29 10:22:28,859 log 6448 10832 "GET /login/?next=/ HTTP/1.1" 200 29209
WARNING 2026-01-29 10:22:29,970 log 6448 10832 "GET /favicon.ico HTTP/1.1" 404 11178
INFO 2026-01-29 10:22:52,403 views 6448 10832 Успешный вход: evaevka65@gmail.com
INFO 2026-01-29 10:22:52,407 log 6448 10832 "POST /login/?next=/ HTTP/1.1" 302 0
INFO 2026-01-29 10:22:52,428 log 6448 10832 "GET / HTTP/1.1" 200 86120
INFO 2026-01-29 10:22:54,875 log 6448 10832 "GET /reminders/create/ HTTP/1.1" 200 35993
INFO 2026-01-29 10:23:07,718 log 6448 10832 "GET /spheres/ HTTP/1.1" 200 44825
INFO 2026-01-29 10:23:09,042 log 6448 10832 "GET /assess/5ae46682-c0fb-436f-9ee5-413bf22afbd5/ HTTP/1.1" 200 30717
INFO 2026-01-29 10:23:10,865 views 6448 10832 Оценка сферы 'Здоровье' создана пользователем evaevka65@gmail.com: 4/10
INFO 2026-01-29 10:23:10,866 log 6448 10832 "POST /assess/5ae46682-c0fb-436f-9ee5-413bf22afbd5/ HTTP/1.1" 302 0
INFO 2026-01-29 10:23:10,874 log 6448 10832 "GET /spheres/ HTTP/1.1" 200 44830
INFO 2026-01-29 10:23:11,945 log 6448 10832 "GET /assess/1e0f861c-eb5e-46ae-b3d0-ac003305432e/ HTTP/1.1" 200 30712
INFO 2026-01-29 10:23:14,135 views 6448 10832 Оценка сферы 'Финансы' создана пользователем evaevka65@gmail.com: 3/10
INFO 2026-01-29 10:23:14,136 log 6448 10832 "POST /assess/1e0f861c-eb5e-46ae-b3d0-ac003305432e/ HTTP/1.1" 302 0
INFO 2026-01-29 10:23:14,143 log 6448 10832 "GET /spheres/ HTTP/1.1" 200 44855
INFO 2026-01-29 10:23:15,105 log 6448 10832 "GET /assess/28ba3669-1c1f-4e33-ba11-1b3fbb49e0ae/ HTTP/1.1" 200 30711
INFO 2026-01-29 10:23:16,564 views 6448 10832 Оценка сферы 'Карьера' создана пользователем evaevka65@gmail.com: 9/10
INFO 2026-01-29 10:23:16,564 log 6448 10832 "POST /assess/28ba3669-1c1f-4e33-ba11-1b3fbb49e0ae/ HTTP/1.1" 302 0
INFO 2026-01-29 10:23:16,572 log 6448 10832 "GET /spheres/ HTTP/1.1" 200 44880
INFO 2026-01-29 10:23:17,521 log 6448 10832 "GET /assess/83e98819-1a60-4ebf-b878-5bdb8446e610/ HTTP/1.1" 200 30716
INFO 2026-01-29 10:23:19,382 views 6448 10832 Оценка сферы 'Отношения' создана пользователем evaevka65@gmail.com: 7/10
INFO 2026-01-29 10:23:19,383 log 6448 10832 "POST /assess/83e98819-1a60-4ebf-b878-5bdb8446e610/ HTTP/1.1" 302 0
INFO 2026-01-29 10:23:19,389 log 6448 10832 "GET /spheres/ HTTP/1.1" 200 44905
INFO 2026-01-29 10:23:20,794 log 6448 10832 "GET /assess/bc4fd953-ee38-4ca6-983e-cc4d2484d704/ HTTP/1.1" 200 30705
INFO 2026-01-29 10:23:23,782 views 6448 10832 Оценка сферы 'Семья' создана пользователем evaevka65@gmail.com: 7/10
INFO 2026-01-29 10:23:23,783 log 6448 10832 "POST /assess/bc4fd953-ee38-4ca6-983e-cc4d2484d704/ HTTP/1.1" 302 0
INFO 2026-01-29 10:23:23,792 log 6448 10832 "GET /spheres/ HTTP/1.1" 200 44930
INFO 2026-01-29 10:23:25,498 log 6448 10832 "GET /assess/454f980e-d010-45ef-9ccf-816a3187c5d1/ HTTP/1.1" 200 30741
INFO 2026-01-29 10:23:27,797 views 6448 10832 Оценка сферы 'Личностный рост' создана пользователем evaevka65@gmail.com: 4/10
INFO 2026-01-29 10:23:27,798 log 6448 10832 "POST /assess/454f980e-d010-45ef-9ccf-816a3187c5d1/ HTTP/1.1" 302 0
INFO 2026-01-29 10:23:27,805 log 6448 10832 "GET /spheres/ HTTP/1.1" 200 44955
INFO 2026-01-29 10:23:30,441 log 6448 10832 "GET /assess/5e88ca08-6fe7-4f70-9126-1416728e10b0/ HTTP/1.1" 200 30757
INFO 2026-01-29 10:23:37,131 views 6448 10832 Оценка сферы 'Отдых и развлечения' создана пользователем evaevka65@gmail.com: 5/10
INFO 2026-01-29 10:23:37,131 log 6448 10832 "POST /assess/5e88ca08-6fe7-4f70-9126-1416728e10b0/ HTTP/1.1" 302 0
INFO 2026-01-29 10:23:37,139 log 6448 10832 "GET /spheres/ HTTP/1.1" 200 44980
INFO 2026-01-29 10:23:39,777 log 6448 10832 "GET /assess/7fa4c121-a9d5-41cf-ab44-aafe572be21d/ HTTP/1.1" 200 30721
INFO 2026-01-29 10:23:43,330 views 6448 10832 Оценка сферы 'Духовность' создана пользователем evaevka65@gmail.com: 5/10
INFO 2026-01-29 10:23:43,331 log 6448 10832 "POST /assess/7fa4c121-a9d5-41cf-ab44-aafe572be21d/ HTTP/1.1" 302 0
INFO 2026-01-29 10:23:43,338 log 6448 10832 "GET /spheres/ HTTP/1.1" 200 45005
INFO 2026-01-29 10:23:44,690 log 6448 10832 "GET / HTTP/1.1" 200 87527
INFO 2026-01-29 10:25:18,340 log 6448 10832 "GET /reminders/create/ HTTP/1.1" 200 35993
INFO 2026-01-29 10:25:27,755 log 6448 10832 "GET / HTTP/1.1" 200 87527
INFO 2026-01-29 10:25:58,643 log 6448 220 "GET /spheres/ HTTP/1.1" 200 45005
INFO 2026-01-29 10:26:00,163 log 6448 220 "GET /assessments/ HTTP/1.1" 200 40881
INFO 2026-01-29 10:26:03,087 log 6448 220 "GET /assessments/?page=2 HTTP/1.1" 200 41058
INFO 2026-01-29 10:26:05,819 log 6448 220 "GET /assessments/?page=3 HTTP/1.1" 200 30192
INFO 2026-01-29 10:26:11,087 log 6448 220 "GET /assessments/?page=2 HTTP/1.1" 200 41058
INFO 2026-01-29 10:26:14,289 log 6448 220 "GET /assessments/?page=1 HTTP/1.1" 200 40881
INFO 2026-01-29 10:26:15,464 log 6448 220 "GET / HTTP/1.1" 200 87527
INFO 2026-01-29 10:26:50,641 log 6448 220 "GET /reminders/create/ HTTP/1.1" 200 35993
INFO 2026-01-29 10:27:09,497 views 6448 220 Пользователь evaevka65@gmail.com создал напоминание: тип=daily, время=10:29
INFO 2026-01-29 10:27:09,497 log 6448 220 "POST /reminders/create/ HTTP/1.1" 302 0
INFO 2026-01-29 10:27:09,513 log 6448 220 "GET / HTTP/1.1" 200 88877
INFO 2026-01-29 10:27:40,432 log 6448 220 "GET /goals/create/ HTTP/1.1" 200 36823
INFO 2026-01-29 10:28:45,865 views 6448 220 Создано напоминание по дедлайну для цели: пробежать 5 км
INFO 2026-01-29 10:28:45,865 views 6448 220 Пользователь evaevka65@gmail.com создал цель: 'пробежать 5 км' (ID: d1dcf314-e2ba-4553-b2b8-ed0968d990a9)
INFO 2026-01-29 10:28:45,866 log 6448 220 "POST /goals/create/ HTTP/1.1" 302 0
INFO 2026-01-29 10:28:45,883 log 6448 220 "GET /goals/ HTTP/1.1" 200 34088
INFO 2026-01-29 10:28:48,530 views 6448 220 Пользователь evaevka65@gmail.com закрепил цель: пробежать 5 км
INFO 2026-01-29 10:28:48,531 log 6448 220 "POST /goals/d1dcf314-e2ba-4553-b2b8-ed0968d990a9/pin/ HTTP/1.1" 302 0
INFO 2026-01-29 10:28:48,541 log 6448 220 "GET /goals/ HTTP/1.1" 200 33650
INFO 2026-01-29 10:28:51,432 views 6448 220 Пользователь evaevka65@gmail.com открепил цель: пробежать 5 км
INFO 2026-01-29 10:28:51,432 log 6448 220 "POST /goals/d1dcf314-e2ba-4553-b2b8-ed0968d990a9/pin/ HTTP/1.1" 302 0
INFO 2026-01-29 10:28:51,445 log 6448 220 "GET /goals/ HTTP/1.1" 200 33655
INFO 2026-01-29 10:29:01,135 log 6448 220 "GET /goals/d1dcf314-e2ba-4553-b2b8-ed0968d990a9/edit/ HTTP/1.1" 200 38513
INFO 2026-01-29 10:29:05,050 log 6448 220 "GET /spheres/ HTTP/1.1" 200 45360
INFO 2026-01-29 10:29:10,007 log 6448 220 "GET /goals/ HTTP/1.1" 200 33655
INFO 2026-01-29 10:29:11,739 log 6448 220 "GET /goals/d1dcf314-e2ba-4553-b2b8-ed0968d990a9/edit/ HTTP/1.1" 200 38513
INFO 2026-01-29 10:29:17,945 views 6448 220 Пользователь evaevka65@gmail.com обновил цель: пробежать 5 км (ID: d1dcf314-e2ba-4553-b2b8-ed0968d990a9)
INFO 2026-01-29 10:29:17,945 log 6448 220 "POST /goals/d1dcf314-e2ba-4553-b2b8-ed0968d990a9/edit/ HTTP/1.1" 302 0
INFO 2026-01-29 10:29:17,956 log 6448 220 "GET /goals/ HTTP/1.1" 200 34079
INFO 2026-01-29 10:29:20,899 log 6448 220 "GET /goals/d1dcf314-e2ba-4553-b2b8-ed0968d990a9/edit/ HTTP/1.1" 200 38529
INFO 2026-01-29 10:29:23,992 views 6448 220 Пользователь evaevka65@gmail.com обновил цель: пробежать 5 км (ID: d1dcf314-e2ba-4553-b2b8-ed0968d990a9)
INFO 2026-01-29 10:29:23,993 log 6448 220 "POST /goals/d1dcf314-e2ba-4553-b2b8-ed0968d990a9/edit/ HTTP/1.1" 302 0
INFO 2026-01-29 10:29:24,004 log 6448 220 "GET /goals/ HTTP/1.1" 200 34110
INFO 2026-01-29 10:29:27,414 log 6448 220 "GET /goals/?status=active HTTP/1.1" 200 31288
INFO 2026-01-29 10:29:28,221 log 6448 220 "GET /goals/?status=completed HTTP/1.1" 200 33694
INFO 2026-01-29 10:29:29,596 log 6448 220 "GET /goals/?status=postponed HTTP/1.1" 200 31291
INFO 2026-01-29 10:29:33,053 log 6448 220 "GET /goals/?status=postponed&search=%D0%B1%D0%B5%D0%B3 HTTP/1.1" 200 31297
INFO 2026-01-29 10:29:34,709 log 6448 220 "GET /goals/?status=all HTTP/1.1" 200 33688
INFO 2026-01-29 10:29:39,007 log 6448 220 "GET /goals/?status=all&search=%D0%BF%D1%80%D0%BE%D0%B1%D0%B5%D0%B6%D0%B0%D1%82%D1%8C HTTP/1.1" 200 33706
INFO 2026-01-29 10:29:42,968 log 6448 220 "GET /goals/?status=all&search=%D0%BF%D1%80%D0%BE%D0%B1%D0%B5 HTTP/1.1" 200 33698
INFO 2026-01-29 10:29:52,399 log 6448 220 "GET /goals/?status=all&search=%D0%B1%D0%B5 HTTP/1.1" 200 33692
INFO 2026-01-29 10:30:03,187 log 6448 220 "GET /spheres/ HTTP/1.1" 200 45360
INFO 2026-01-29 10:30:04,821 log 6448 220 "GET /goals/ HTTP/1.1" 200 33688
INFO 2026-01-29 10:30:16,066 log 6448 220 "GET /spheres/ HTTP/1.1" 200 45360
INFO 2026-01-29 10:30:17,003 log 6448 220 "GET /assess/5ae46682-c0fb-436f-9ee5-413bf22afbd5/ HTTP/1.1" 200 31115
INFO 2026-01-29 10:30:21,913 views 6448 220 Оценка сферы 'Здоровье' обновлена пользователем evaevka65@gmail.com: 8/10
INFO 2026-01-29 10:30:21,913 log 6448 220 "POST /assess/5ae46682-c0fb-436f-9ee5-413bf22afbd5/ HTTP/1.1" 302 0
INFO 2026-01-29 10:30:21,921 log 6448 220 "GET /spheres/ HTTP/1.1" 200 45360
INFO 2026-01-29 10:30:23,159 log 6448 220 "GET / HTTP/1.1" 200 90382
INFO 2026-01-29 10:30:25,314 log 6448 220 "GET /spheres/ HTTP/1.1" 200 45360
INFO 2026-01-29 10:30:31,608 log 6448 220 "GET / HTTP/1.1" 200 90382
INFO 2026-01-29 10:30:50,822 log 6448 220 "GET /reminders/ HTTP/1.1" 200 38226
INFO 2026-01-29 10:30:52,679 views 6448 220 Пользователь evaevka65@gmail.com выключено напоминание: По дедлайну
INFO 2026-01-29 10:30:52,680 log 6448 220 "POST /reminders/34fcc6db-074e-46dd-9948-e8a929156807/toggle/ HTTP/1.1" 302 0
INFO 2026-01-29 10:30:52,695 log 6448 220 "GET / HTTP/1.1" 200 90142
INFO 2026-01-29 10:30:54,748 log 6448 220 "GET / HTTP/1.1" 200 90142
INFO 2026-01-29 10:30:58,203 log 6448 220 "GET /reminders/ HTTP/1.1" 200 38224
INFO 2026-01-29 10:31:03,700 log 6448 220 "GET / HTTP/1.1" 200 90142
INFO 2026-01-29 10:31:54,627 log 6448 220 "GET /spheres/ HTTP/1.1" 200 45115
INFO 2026-01-29 10:31:56,218 log 6448 220 "GET /assess/bc4fd953-ee38-4ca6-983e-cc4d2484d704/ HTTP/1.1" 200 30575
INFO 2026-01-29 10:31:58,413 views 6448 220 Оценка сферы 'Семья' обновлена пользователем evaevka65@gmail.com: 1/10
INFO 2026-01-29 10:31:58,413 log 6448 220 "POST /assess/bc4fd953-ee38-4ca6-983e-cc4d2484d704/ HTTP/1.1" 302 0
INFO 2026-01-29 10:31:58,421 log 6448 220 "GET /spheres/ HTTP/1.1" 200 45115
INFO 2026-01-29 10:31:59,666 log 6448 220 "GET / HTTP/1.1" 200 90142
INFO 2026-01-29 10:32:23,734 log 6448 220 "GET /diary/ HTTP/1.1" 200 32370
INFO 2026-01-29 10:32:25,499 log 6448 220 "GET /diary/create/ HTTP/1.1" 200 36374
INFO 2026-01-29 10:33:41,858 views 6448 220 Пользователь evaevka65@gmail.com создал запись в дневнике (ID: ffc7600c-a98f-40a7-866c-e40035091ec9)
INFO 2026-01-29 10:33:41,858 log 6448 220 "POST /diary/create/ HTTP/1.1" 302 0
INFO 2026-01-29 10:33:41,867 log 6448 220 "GET /diary/ HTTP/1.1" 200 34018
INFO 2026-01-29 10:33:41,972 log 6448 220 "GET /media/diary_media/unnamed.jpg HTTP/1.1" 200 6450
INFO 2026-01-29 10:34:12,628 log 6448 220 "GET /profile/ HTTP/1.1" 200 22663
INFO 2026-01-29 10:34:15,209 log 6448 220 "GET /notes/ HTTP/1.1" 200 21934
INFO 2026-01-29 10:34:16,327 log 6448 220 "GET /notes/create/ HTTP/1.1" 200 21949
INFO 2026-01-29 10:34:35,189 views 6448 220 Пользователь evaevka65@gmail.com создал заметку: 'продукты'
INFO 2026-01-29 10:34:35,190 log 6448 220 "POST /notes/create/ HTTP/1.1" 302 0
INFO 2026-01-29 10:34:35,197 log 6448 220 "GET /notes/ HTTP/1.1" 200 23468
INFO 2026-01-29 10:34:40,505 log 6448 220 "GET /notes/fd167d98-ad04-4b81-bb32-aedd041ea2f6/edit/ HTTP/1.1" 200 24606
INFO 2026-01-29 10:34:44,089 views 6448 220 Пользователь evaevka65@gmail.com обновил заметку: 'продукты'
INFO 2026-01-29 10:34:44,090 log 6448 220 "POST /notes/fd167d98-ad04-4b81-bb32-aedd041ea2f6/edit/ HTTP/1.1" 302 0
INFO 2026-01-29 10:34:44,097 log 6448 220 "GET /notes/ HTTP/1.1" 200 23564
INFO 2026-01-29 10:34:49,903 log 6448 220 "POST /notes/fd167d98-ad04-4b81-bb32-aedd041ea2f6/toggle-item/10629b1d-e9f2-4b8b-b02f-a59e13c3afa7/ HTTP/1.1" 200 16
INFO 2026-01-29 10:34:50,438 log 6448 220 "POST /notes/fd167d98-ad04-4b81-bb32-aedd041ea2f6/toggle-item/10629b1d-e9f2-4b8b-b02f-a59e13c3afa7/ HTTP/1.1" 200 16
INFO 2026-01-29 10:34:56,420 views 6448 3920 Выход из системы: evaevka65@gmail.com
INFO 2026-01-29 10:34:56,420 log 6448 3920 "GET /logout/ HTTP/1.1" 302 0
INFO 2026-01-29 10:34:56,423 log 6448 3920 "GET /login/ HTTP/1.1" 200 29209
INFO 2026-01-29 10:35:19,218 views 6448 3920 Успешный вход: evaevka65@gmail.com
INFO 2026-01-29 10:35:19,222 log 6448 3920 "POST /login/ HTTP/1.1" 302 0
INFO 2026-01-29 10:35:19,238 log 6448 3920 "GET / HTTP/1.1" 200 90142
INFO 2026-01-29 10:35:20,594 log 6448 3920 "GET /diary/ HTTP/1.1" 200 33592
INFO 2026-01-29 10:35:20,604 log 6448 3920 "GET /media/diary_media/unnamed.jpg HTTP/1.1" 304 0
INFO 2026-01-29 10:35:29,082 log 6448 3920 "GET /diary/create/ HTTP/1.1" 200 36374
INFO 2026-01-29 10:35:36,230 views 6448 3920 Пользователь evaevka65@gmail.com создал запись в дневнике (ID: 34bdeec1-a63f-4f22-bc2e-7a735907c33f)
INFO 2026-01-29 10:35:36,230 log 6448 3920 "POST /diary/create/ HTTP/1.1" 302 0
INFO 2026-01-29 10:35:36,241 log 6448 3920 "GET /diary/ HTTP/1.1" 200 35562
INFO 2026-01-29 10:35:36,252 log 6448 3920 "GET /media/diary_media/unnamed.jpg HTTP/1.1" 304 0
INFO 2026-01-29 10:35:42,683 log 6448 3920 "GET /goals/ HTTP/1.1" 200 33443
INFO 2026-01-29 10:36:33,563 log 6448 3920 "GET /diary/ HTTP/1.1" 200 35136
INFO 2026-01-29 10:36:33,574 log 6448 3920 "GET /media/diary_media/unnamed.jpg HTTP/1.1" 304 0
INFO 2026-01-29 10:37:21,660 log 6448 3920 "GET /profile/ HTTP/1.1" 200 23272
INFO 2026-01-29 10:37:22,971 log 6448 3920 "GET /password_change/ HTTP/1.1" 200 19608
INFO 2026-01-29 10:38:06,100 log 6448 3920 "GET /profile/ HTTP/1.1" 200 23272
INFO 2026-01-29 10:38:07,915 log 6448 3920 "GET / HTTP/1.1" 200 90142
INFO 2026-01-29 10:45:04,411 log 6448 13864 "GET /goals/ HTTP/1.1" 200 33443
INFO 2026-01-29 10:47:15,240 log 6448 13864 "GET /diary/ HTTP/1.1" 200 35136
INFO 2026-01-29 10:47:15,250 log 6448 13864 "GET /media/diary_media/unnamed.jpg HTTP/1.1" 304 0
INFO 2026-01-29 10:51:27,834 log 6448 13864 "GET /goals/ HTTP/1.1" 200 33443
INFO 2026-01-29 10:51:30,114 log 6448 13864 "GET /diary/ HTTP/1.1" 200 35136
INFO 2026-01-29 10:51:30,124 log 6448 13864 "GET /media/diary_media/unnamed.jpg HTTP/1.1" 304 0
INFO 2026-01-29 10:51:57,381 log 6448 13864 "GET /profile/ HTTP/1.1" 200 23272
INFO 2026-01-29 10:51:59,117 log 6448 13864 "GET /notes/ HTTP/1.1" 200 23136
INFO 2026-01-29 10:52:02,781 log 6448 13864 "GET /notes/ HTTP/1.1" 200 23136
INFO 2026-01-29 10:52:04,600 log 6448 13864 "GET /notes/fd167d98-ad04-4b81-bb32-aedd041ea2f6/edit/ HTTP/1.1" 200 24620
INFO 2026-01-29 10:52:07,741 log 6448 13864 "GET /notes/ HTTP/1.1" 200 23136
INFO 2026-01-29 10:56:11,321 autoreload 6448 1568 C:\Users\stud\Desktop\pythonLifeManager\core\lifemanager\models.py changed, reloading.
INFO 2026-01-29 10:56:11,818 autoreload 2108 8568 Watching for file changes with StatReloader
INFO 2026-01-29 11:01:51,394 autoreload 9240 13088 Watching for file changes with StatReloader
INFO 2026-01-29 11:01:55,014 log 9240 2472 "GET /diary/ HTTP/1.1" 200 35136
INFO 2026-01-29 11:01:55,022 log 9240 2472 "GET /media/diary_media/unnamed.jpg HTTP/1.1" 304 0
INFO 2026-01-29 11:01:56,063 log 9240 2472 "GET /diary/create/ HTTP/1.1" 200 43675
INFO 2026-01-29 11:02:19,837 log 9240 2472 "GET /diary/34bdeec1-a63f-4f22-bc2e-7a735907c33f/edit/ HTTP/1.1" 200 38815
INFO 2026-01-29 11:10:43,162 log 9240 15204 "GET /diary/create/ HTTP/1.1" 200 43675
INFO 2026-01-29 11:35:18,117 autoreload 3704 12904 Watching for file changes with StatReloader
INFO 2026-01-29 11:35:21,485 log 3704 3736 "GET /diary/34bdeec1-a63f-4f22-bc2e-7a735907c33f/edit/ HTTP/1.1" 200 42056
INFO 2026-01-29 11:46:55,982 autoreload 5292 14792 Watching for file changes with StatReloader
INFO 2026-01-29 11:46:59,408 log 5292 10308 "GET /diary/34bdeec1-a63f-4f22-bc2e-7a735907c33f/edit/ HTTP/1.1" 200 41495
INFO 2026-01-29 11:47:46,421 log 5292 10308 "POST /diary/34bdeec1-a63f-4f22-bc2e-7a735907c33f/edit/ HTTP/1.1" 302 0
INFO 2026-01-29 11:47:46,433 log 5292 10308 "GET /diary/ HTTP/1.1" 200 35566
INFO 2026-01-29 11:47:46,442 log 5292 10308 "GET /media/diary_media/unnamed.jpg HTTP/1.1" 304 0
INFO 2026-01-29 11:47:49,446 log 5292 10308 "GET /diary/34bdeec1-a63f-4f22-bc2e-7a735907c33f/edit/ HTTP/1.1" 200 41499
INFO 2026-01-29 11:47:53,435 log 5292 10308 "POST /diary/34bdeec1-a63f-4f22-bc2e-7a735907c33f/edit/ HTTP/1.1" 302 0
INFO 2026-01-29 11:47:53,443 log 5292 10308 "GET /diary/ HTTP/1.1" 200 35570
INFO 2026-01-29 11:47:57,415 log 5292 10308 "GET /diary/create/ HTTP/1.1" 200 39710
INFO 2026-01-29 11:48:10,767 views 5292 10308 Пользователь evaevka65@gmail.com создал запись в дневнике (ID: 832a0319-5b24-4cd5-b726-30f503c98d4f)
INFO 2026-01-29 11:48:10,768 log 5292 10308 "POST /diary/create/ HTTP/1.1" 302 0
INFO 2026-01-29 11:48:10,777 log 5292 10308 "GET /diary/ HTTP/1.1" 200 36908
INFO 2026-01-29 11:50:55,456 log 5292 10308 "GET /diary/832a0319-5b24-4cd5-b726-30f503c98d4f/edit/ HTTP/1.1" 200 41282
INFO 2026-01-29 11:51:09,624 log 5292 10308 "POST /diary/832a0319-5b24-4cd5-b726-30f503c98d4f/edit/ HTTP/1.1" 302 0
INFO 2026-01-29 11:51:09,634 log 5292 10308 "GET /diary/ HTTP/1.1" 200 38480
INFO 2026-01-29 11:51:13,250 log 5292 10308 "GET /diary/832a0319-5b24-4cd5-b726-30f503c98d4f/edit/ HTTP/1.1" 200 42854
INFO 2026-01-29 11:51:19,232 log 5292 10308 "POST /diary/832a0319-5b24-4cd5-b726-30f503c98d4f/edit/ HTTP/1.1" 302 0
INFO 2026-01-29 11:51:19,241 log 5292 10308 "GET /diary/ HTTP/1.1" 200 38482
INFO 2026-01-29 11:51:21,199 log 5292 10308 "GET /diary/832a0319-5b24-4cd5-b726-30f503c98d4f/delete/ HTTP/1.1" 200 32121
INFO 2026-01-29 11:51:22,606 views 5292 10308 Пользователь evaevka65@gmail.com удалил запись в дневнике (ID: None)
INFO 2026-01-29 11:51:22,606 log 5292 10308 "POST /diary/832a0319-5b24-4cd5-b726-30f503c98d4f/delete/ HTTP/1.1" 302 0
INFO 2026-01-29 11:51:22,615 log 5292 10308 "GET /diary/ HTTP/1.1" 200 35566
INFO 2026-01-29 11:54:11,018 autoreload 14544 5356 Watching for file changes with StatReloader
INFO 2026-01-29 11:54:14,316 log 14544 10164 "GET /diary/34bdeec1-a63f-4f22-bc2e-7a735907c33f/edit/ HTTP/1.1" 200 41503
INFO 2026-01-29 11:54:38,888 log 14544 10164 "POST /diary/34bdeec1-a63f-4f22-bc2e-7a735907c33f/edit/ HTTP/1.1" 302 0
INFO 2026-01-29 11:54:38,900 log 14544 10164 "GET /diary/ HTTP/1.1" 200 35574
INFO 2026-02-02 05:10:02,358 autoreload 4360 140100012820288 Watching for file changes with StatReloader
INFO 2026-02-02 05:19:23,771 basehttp 4360 140099734558400 "GET / HTTP/1.1" 302 0
INFO 2026-02-02 05:19:23,852 basehttp 4360 140099734558400 "GET /login/?next=/ HTTP/1.1" 200 29209
WARNING 2026-02-02 05:19:30,509 basehttp 4360 140099734558400 "GET /favicon.ico HTTP/1.1" 404 11178
INFO 2026-02-02 05:24:52,961 views 4360 140099734558400 РЈСЃРїРµС€РЅС‹Р№ РІС…РѕРґ: evaevka65@gmail.com
INFO 2026-02-02 05:24:52,965 basehttp 4360 140099734558400 "POST /login/?next=/ HTTP/1.1" 302 0
INFO 2026-02-02 05:24:52,986 basehttp 4360 140099734558400 "GET / HTTP/1.1" 200 90142
INFO 2026-02-02 05:24:59,469 basehttp 4360 140099734558400 "GET /spheres/ HTTP/1.1" 200 44937
INFO 2026-02-02 05:25:00,362 basehttp 4360 140099734558400 "GET /assess/5ae46682-c0fb-436f-9ee5-413bf22afbd5/ HTTP/1.1" 200 30587
INFO 2026-02-02 05:25:04,132 views 4360 140099734558400 РћС†РµРЅРєР° СЃС„РµСЂС‹ 'Р—РґРѕСЂРѕРІСЊРµ' СЃРѕР·РґР°РЅР° РїРѕР»СЊР·РѕРІР°С‚РµР»РµРј evaevka65@gmail.com: 10/10
INFO 2026-02-02 05:25:04,134 basehttp 4360 140099734558400 "POST /assess/5ae46682-c0fb-436f-9ee5-413bf22afbd5/ HTTP/1.1" 302 0
INFO 2026-02-02 05:25:04,165 basehttp 4360 140099734558400 "GET /spheres/ HTTP/1.1" 200 44942
INFO 2026-02-02 05:25:05,655 basehttp 4360 140099734558400 "GET /assess/1e0f861c-eb5e-46ae-b3d0-ac003305432e/ HTTP/1.1" 200 30865
INFO 2026-02-02 05:25:07,560 views 4360 140099734558400 РћС†РµРЅРєР° СЃС„РµСЂС‹ 'Р¤РёРЅР°РЅСЃС‹' СЃРѕР·РґР°РЅР° РїРѕР»СЊР·РѕРІР°С‚РµР»РµРј evaevka65@gmail.com: 7/10
INFO 2026-02-02 05:25:07,561 basehttp 4360 140099734558400 "POST /assess/1e0f861c-eb5e-46ae-b3d0-ac003305432e/ HTTP/1.1" 302 0
INFO 2026-02-02 05:25:07,575 basehttp 4360 140099734558400 "GET /spheres/ HTTP/1.1" 200 44967
INFO 2026-02-02 05:25:09,217 basehttp 4360 140099734558400 "GET /assess/28ba3669-1c1f-4e33-ba11-1b3fbb49e0ae/ HTTP/1.1" 200 30818
INFO 2026-02-02 05:25:12,390 views 4360 140099734558400 РћС†РµРЅРєР° СЃС„РµСЂС‹ 'РљР°СЂСЊРµСЂР°' СЃРѕР·РґР°РЅР° РїРѕР»СЊР·РѕРІР°С‚РµР»РµРј evaevka65@gmail.com: 8/10
INFO 2026-02-02 05:25:12,392 basehttp 4360 140099734558400 "POST /assess/28ba3669-1c1f-4e33-ba11-1b3fbb49e0ae/ HTTP/1.1" 302 0
INFO 2026-02-02 05:25:12,430 basehttp 4360 140099734558400 "GET /spheres/ HTTP/1.1" 200 44992
INFO 2026-02-02 05:25:13,929 basehttp 4360 140099734558400 "GET /assess/83e98819-1a60-4ebf-b878-5bdb8446e610/ HTTP/1.1" 200 30586
INFO 2026-02-02 05:25:18,219 views 4360 140099734558400 РћС†РµРЅРєР° СЃС„РµСЂС‹ 'РћС‚РЅРѕС€РµРЅРёСЏ' СЃРѕР·РґР°РЅР° РїРѕР»СЊР·РѕРІР°С‚РµР»РµРј evaevka65@gmail.com: 10/10
INFO 2026-02-02 05:25:18,219 basehttp 4360 140099734558400 "POST /assess/83e98819-1a60-4ebf-b878-5bdb8446e610/ HTTP/1.1" 302 0
INFO 2026-02-02 05:25:18,230 basehttp 4360 140099734558400 "GET /spheres/ HTTP/1.1" 200 45017
INFO 2026-02-02 05:25:20,468 basehttp 4360 140099734558400 "GET /assess/bc4fd953-ee38-4ca6-983e-cc4d2484d704/ HTTP/1.1" 200 30858
INFO 2026-02-02 05:25:22,659 views 4360 140099734558400 РћС†РµРЅРєР° СЃС„РµСЂС‹ 'РЎРµРјСЊСЏ' СЃРѕР·РґР°РЅР° РїРѕР»СЊР·РѕРІР°С‚РµР»РµРј evaevka65@gmail.com: 10/10
INFO 2026-02-02 05:25:22,660 basehttp 4360 140099734558400 "POST /assess/bc4fd953-ee38-4ca6-983e-cc4d2484d704/ HTTP/1.1" 302 0
INFO 2026-02-02 05:25:22,670 basehttp 4360 140099734558400 "GET /spheres/ HTTP/1.1" 200 45042
INFO 2026-02-02 05:25:23,874 basehttp 4360 140099734558400 "GET /assess/454f980e-d010-45ef-9ccf-816a3187c5d1/ HTTP/1.1" 200 30894
INFO 2026-02-02 05:25:28,954 views 4360 140099734558400 РћС†РµРЅРєР° СЃС„РµСЂС‹ 'Р›РёС‡РЅРѕСЃС‚РЅС‹Р№ СЂРѕСЃС‚' СЃРѕР·РґР°РЅР° РїРѕР»СЊР·РѕРІР°С‚РµР»РµРј evaevka65@gmail.com: 9/10
INFO 2026-02-02 05:25:28,955 basehttp 4360 140099734558400 "POST /assess/454f980e-d010-45ef-9ccf-816a3187c5d1/ HTTP/1.1" 302 0
INFO 2026-02-02 05:25:29,001 basehttp 4360 140099734558400 "GET /spheres/ HTTP/1.1" 200 45067
INFO 2026-02-02 05:25:31,178 basehttp 4360 140099734558400 "GET /assess/5e88ca08-6fe7-4f70-9126-1416728e10b0/ HTTP/1.1" 200 30910
INFO 2026-02-02 05:25:33,476 views 4360 140099734558400 РћС†РµРЅРєР° СЃС„РµСЂС‹ 'РћС‚РґС‹С… Рё СЂР°Р·РІР»РµС‡РµРЅРёСЏ' СЃРѕР·РґР°РЅР° РїРѕР»СЊР·РѕРІР°С‚РµР»РµРј evaevka65@gmail.com: 9/10
INFO 2026-02-02 05:25:33,476 basehttp 4360 140099734558400 "POST /assess/5e88ca08-6fe7-4f70-9126-1416728e10b0/ HTTP/1.1" 302 0
INFO 2026-02-02 05:25:33,487 basehttp 4360 140099734558400 "GET /spheres/ HTTP/1.1" 200 45092
INFO 2026-02-02 05:25:34,735 basehttp 4360 140099734558400 "GET /assess/7fa4c121-a9d5-41cf-ab44-aafe572be21d/ HTTP/1.1" 200 30874
INFO 2026-02-02 05:25:37,448 views 4360 140099734558400 РћС†РµРЅРєР° СЃС„РµСЂС‹ 'Р”СѓС…РѕРІРЅРѕСЃС‚СЊ' СЃРѕР·РґР°РЅР° РїРѕР»СЊР·РѕРІР°С‚РµР»РµРј evaevka65@gmail.com: 4/10
INFO 2026-02-02 05:25:37,449 basehttp 4360 140099734558400 "POST /assess/7fa4c121-a9d5-41cf-ab44-aafe572be21d/ HTTP/1.1" 302 0
INFO 2026-02-02 05:25:37,486 basehttp 4360 140099734558400 "GET /spheres/ HTTP/1.1" 200 45117
INFO 2026-02-02 05:25:38,961 basehttp 4360 140099734558400 "GET / HTTP/1.1" 200 91544
INFO 2026-02-02 05:27:31,254 basehttp 4360 140099734558400 "GET /diary/ HTTP/1.1" 200 35148
INFO 2026-02-02 05:27:31,292 basehttp 4360 140099734558400 "GET /media/diary_media/unnamed.jpg HTTP/1.1" 200 6450
